{
  "box": {
    "ringCompartment": [],
    "topShelf": [
      {
        "stone": "Pearl"
      },
      {
        "type": "Stud",
        "stone": "Amber"
      }
    ],
    "mainSection": []
  },
  "tree": [
    {
      "type": "Beads",
      "stone": "Pearl"
    },
    {
      "type": "Chain",
      "stone": "Amber"
    },
    {
      "type": "LongChain",
      "stone": "Plain"
    }
  ],
  "travelRoll": [],
  "safe": [
    {
      "type": "Beads",
      "stone": "Diamond"
    }
  ],
  "dresserTop": []
}